AWSTemplateFormatVersion: '2010-09-09'
Parameters:
  MyNestedStack:
    Type: String
    0@<NoEcho:> a
Resources:
  RootBucket:
    Type: AWS::S3::Bucket

0: Only 'True' value is allowed
