No problems
CfnRootNode{
  resourcesNode=CfnResourcesNode{
    resources=[
      CfnResourceNode{
        type=CfnResourceTypeNode{
          value=CfnScalarValueNode{
            value=AWS::EC2::Instance
          }
          name=CfnScalarValueNode{
            value=Type
          }
        }
        properties=<null>
        name=CfnScalarValueNode{
          value=WebServer
        }
      }
    ]
    name=CfnScalarValueNode{
      value=Resources
    }
  }
  outputsNode=CfnOutputsNode{
    properties=[
      Pair{
        first=CfnScalarValueNode{
          value=A
        }
        second=CfnObjectValueNode{
          properties=[
            Pair{
              first=CfnScalarValueNode{
                value=Description
              }
              second=CfnScalarValueNode{
                value=EC2 public IP
              }
            },
            Pair{
              first=CfnScalarValueNode{
                value=Value
              }
              second=CfnFunctionNode{
                name=CfnScalarValueNode{
                  value=GetAtt
                }
                args=[
                  CfnScalarValueNode{
                    value=WebServer.PublicIp
                  }
                ]
              }
            }
          ]
        }
      },
      Pair{
        first=CfnScalarValueNode{
          value=B
        }
        second=CfnObjectValueNode{
          properties=[
            Pair{
              first=CfnScalarValueNode{
                value=Description
              }
              second=CfnScalarValueNode{
                value=EC2 public IP
              }
            },
            Pair{
              first=CfnScalarValueNode{
                value=Value
              }
              second=CfnFunctionNode{
                name=CfnScalarValueNode{
                  value=Base64
                }
                args=[
                  CfnFunctionNode{
                    name=CfnScalarValueNode{
                      value=Fn::Sub
                    }
                    args=[
                      CfnScalarValueNode{
                        value=string
                      }
                    ]
                  }
                ]
              }
            }
          ]
        }
      },
      Pair{
        first=CfnScalarValueNode{
          value=C
        }
        second=CfnObjectValueNode{
          properties=[
            Pair{
              first=CfnScalarValueNode{
                value=Description
              }
              second=CfnScalarValueNode{
                value=EC2 public IP
              }
            },
            Pair{
              first=CfnScalarValueNode{
                value=Value
              }
              second=CfnFunctionNode{
                name=CfnScalarValueNode{
                  value=Fn::Base64
                }
                args=[
                  CfnFunctionNode{
                    name=CfnScalarValueNode{
                      value=Sub
                    }
                    args=[
                      CfnScalarValueNode{
                        value=string
                      }
                    ]
                  }
                ]
              }
            }
          ]
        }
      },
      Pair{
        first=CfnScalarValueNode{
          value=D
        }
        second=CfnObjectValueNode{
          properties=[
            Pair{
              first=CfnScalarValueNode{
                value=Description
              }
              second=CfnScalarValueNode{
                value=WordPress Website
              }
            },
            Pair{
              first=CfnScalarValueNode{
                value=Value
              }
              second=CfnFunctionNode{
                name=CfnScalarValueNode{
                  value=Sub
                }
                args=[
                  CfnScalarValueNode{
                    value=http://${WebServer.PublicDnsName}/wordpress
                  }
                ]
              }
            }
          ]
        }
      }
    ]
    name=CfnScalarValueNode{
      value=Outputs
    }
  }
  mappingsNode=<null>
}
