AWSTemplateFormatVersion: '2010-09-09'
Outputs:
  A:
    Value: "folded \"to a space,\n\
                      to a line feed, \
                      or \t \tnon-content"
  B:
    Value: !Sub "folded \"to a space,\n\
                      to a line feed, \
                      or \t \tnon-content"
  C:
    Value: 0@<!Sub "aaa" "folded \"to a space,\n\
                      to a line feed, \
                      or \t \tnon-content">
  D:
    Value: !Sub 'http://${WebServer.PublicDnsName}/wordpress'
  E:
    Value: 'http://${WebServer.PublicDnsName}/wordpress'
  F:
    Value: !Sub ABC

0: Too many values

CfnRootNode{
  parametersNode=<null>
  resourcesNode=<null>
  outputsNode=CfnOutputsNode{
    properties=[
      CfnOutputNode{
        value=CfnObjectValueNode{
          properties=[
            Pair{
              first=CfnScalarValueNode{
                value=Value
              }
              second=CfnScalarValueNode{
                value=folded \"to a space,\nto a line feed, or \t \tnon-content
              }
            }
          ]
        }
        name=CfnScalarValueNode{
          value=A
        }
      },
      CfnOutputNode{
        value=CfnObjectValueNode{
          properties=[
            Pair{
              first=CfnScalarValueNode{
                value=Value
              }
              second=CfnFunctionNode{
                name=CfnScalarValueNode{
                  value=Sub
                }
                args=[
                  CfnScalarValueNode{
                    value=folded \"to a space,\nto a line feed, or \t \tnon-content
                  }
                ]
              }
            }
          ]
        }
        name=CfnScalarValueNode{
          value=B
        }
      },
      CfnOutputNode{
        value=CfnObjectValueNode{
          properties=[
            Pair{
              first=CfnScalarValueNode{
                value=Value
              }
              second=<null>
            }
          ]
        }
        name=CfnScalarValueNode{
          value=C
        }
      },
      CfnOutputNode{
        value=CfnObjectValueNode{
          properties=[
            Pair{
              first=CfnScalarValueNode{
                value=Value
              }
              second=CfnFunctionNode{
                name=CfnScalarValueNode{
                  value=Sub
                }
                args=[
                  CfnScalarValueNode{
                    value=http://${WebServer.PublicDnsName}/wordpress
                  }
                ]
              }
            }
          ]
        }
        name=CfnScalarValueNode{
          value=D
        }
      },
      CfnOutputNode{
        value=CfnObjectValueNode{
          properties=[
            Pair{
              first=CfnScalarValueNode{
                value=Value
              }
              second=CfnScalarValueNode{
                value=http://${WebServer.PublicDnsName}/wordpress
              }
            }
          ]
        }
        name=CfnScalarValueNode{
          value=E
        }
      },
      CfnOutputNode{
        value=CfnObjectValueNode{
          properties=[
            Pair{
              first=CfnScalarValueNode{
                value=Value
              }
              second=CfnFunctionNode{
                name=CfnScalarValueNode{
                  value=Sub
                }
                args=[
                  CfnScalarValueNode{
                    value=ABC
                  }
                ]
              }
            }
          ]
        }
        name=CfnScalarValueNode{
          value=F
        }
      }
    ]
    name=CfnScalarValueNode{
      value=Outputs
    }
  }
  mappingsNode=<null>
}
