4: Outputs section must declare at least one stack output