1: Resources section should declare at least one resource